Ziggy Reilly -> Jacob Christensen -> Teddy Neal -> Anita Mansell -> Clive Sinclair -> Axl Medrano -> Winifred Mckeown -> Jayden-James Mccullough -> Maisie Worthington -> Simeon Hooper
This id not exist
Ziggy Reilly -> Jacob Christensen -> Teddy Neal -> Anita Mansell -> Clive Sinclair -> Axl Medrano -> Winifred Mckeown -> Jayden-James Mccullough -> Maisie Worthington -> Simeon Hooper
Ziggy Reilly -> Jacob Christensen -> Teddy Neal -> Clive Sinclair -> Axl Medrano -> Winifred Mckeown -> Jayden-James Mccullough -> Maisie Worthington -> Simeon Hooper
Jacob Christensen -> Teddy Neal -> Clive Sinclair -> Ziggy Reilly -> Axl Medrano -> Winifred Mckeown -> Jayden-James Mccullough -> Simeon Hooper
Jacob Christensen -> Teddy Neal -> Clive Sinclair -> Ziggy Reilly -> Axl Medrano -> Winifred Mckeown -> Jayden-James Mccullough -> Simeon Hooper
Ziggy Reilly -> Jacob Christensen -> Teddy Neal -> Anita Mansell -> Clive Sinclair -> Axl Medrano -> Winifred Mckeown -> Jayden-James Mccullough -> Maisie Worthington -> Simeon Hooper
Ziggy Reilly -> Jacob Christensen -> Teddy Neal -> Clive Sinclair -> Axl Medrano -> Winifred Mckeown -> Jayden-James Mccullough -> Maisie Worthington -> Simeon Hooper
Ziggy Reilly -> Jacob Christensen -> Teddy Neal -> Clive Sinclair -> Axl Medrano -> Jayden-James Mccullough -> Maisie Worthington -> Simeon Hooper
Ziggy Reilly -> Jacob Christensen -> Teddy Neal -> Clive Sinclair -> Axl Medrano -> Winifred Mckeown -> Jayden-James Mccullough -> Maisie Worthington -> Simeon Hooper
Jayden-James Mccullough -> Jacob Christensen -> Teddy Neal -> Clive Sinclair -> Axl Medrano -> Daniyal Bellamy -> Ziggy Reilly -> Shanaya Lester -> Maisie Worthington -> Simeon Hooper
Jayden-James Mccullough -> Jacob Christensen -> Teddy Neal -> Clive Sinclair -> Siana Nicholson -> Daniyal Bellamy -> Axl Medrano -> Ziggy Reilly -> Shanaya Lester -> Maisie Worthington -> Simeon Hooper
This id not exist
Shanaya Lester -> Jacob Christensen -> Teddy Neal -> Clive Sinclair -> Siana Nicholson -> Daniyal Bellamy -> Axl Medrano -> Ziggy Reilly -> Maisie Worthington -> Simeon Hooper
Jayden-James Mccullough -> Jacob Christensen -> Teddy Neal -> Clive Sinclair -> Siana Nicholson -> Daniyal Bellamy -> Axl Medrano -> Ziggy Reilly -> Shanaya Lester -> Maisie Worthington -> Simeon Hooper
77,Jayden-James Mccullough,92
Jayden-James Mccullough -> Jacob Christensen -> Teddy Neal -> Clive Sinclair -> Siana Nicholson -> Daniyal Bellamy -> Simeon Hooper -> Shanaya Lester -> Maisie Worthington
Simeon Hooper -> Teddy Neal -> Jacob Christensen -> Maisie Worthington -> Clive Sinclair -> Shanaya Lester -> Daniyal Bellamy -> Siana Nicholson -> Jayden-James Mccullough
